// Jest Snapshot v1, https://goo.gl/fbAQLP

exports[`tests on <Button /> Should render Button correctly 1`] = `
<button
  className="inline-flex items-center justify-center shadow-sm py-2 px-6 font-semibold select-none rounded-full border border-transparent text-base sm:text-sm text-white transition-colors focus:outline-none focus:ring-2 focus:ring-offset-2 bg-primary-500 hover:bg-primary-700 focus:ring-primary-500 bg-primary-50 hover:bg-primary-100 focus:ring-primary-100"
  disabled={false}
  onClick={[Function]}
  type="button"
/>
`;
