// Jest Snapshot v1, https://goo.gl/fbAQLP

exports[`tests on <Empty /> Should render Empty correctly 1`] = `
<div
  className="h-auto flex flex-col bg-white content-center items-center"
>
  <div
    className="w-full p-20 space-y-8 flex flex-col justify-center items-center"
  >
    <div
      className="flex flex-col space-y-3 bg-white content-center items-center"
    >
      <ForwardRef(SvgFailedSearch) />
      <h1
        className="text-xl font-bold text-gray-200"
      >
        No results found
      </h1>
      <p
        className="max-w-sm text-center text-base font-semibold text-gray-200"
      >
        Try adjusting your search or filter to find what you are looking for.
      </p>
    </div>
  </div>
</div>
`;
