// Jest Snapshot v1, https://goo.gl/fbAQLP

exports[`tests on <Header /> Should render Header correctly 1`] = `
<div
  className="pt-4 sm:py-4 sm:flex sm:flex-col sm:items-center sm:px-6 lg:px-8"
>
  <div
    className="w-full flex-col sm:flex-row sm:pb-4"
  >
    <span
      className="font-display sm:text-2xl flex items-center justify-center font-semibold text-primary-500 text-xl"
    />
  </div>
  <Divider
    className=""
  />
</div>
`;
